Microsoft (R) Macro Assembler Version 14.00.24210.0	    04/02/26 02:42:35
hangman_art.asm						     Page 1 - 1


				.386
				.model flat, stdcall
				option casemap:none

				PUBLIC hangman_pointers
				PUBLIC max_wrong

 00000000			.data

 00000000 20 2B 2D 2D 2D	hang0 BYTE \
	   2B 0D 0A 20 7C
	   20 20 20 7C 0D
	   0A 20 20 20 20
	   20 7C 0D 0A 20
	   20 20 20 20 7C
	   0D 0A 20 20 20
	   20 20 7C 0D 0A
	   20 20 20 20 20
	   7C 0D 0A 3D 3D
	   3D 3D 3D 3D 00
				" +---+",0Dh,0Ah,\
				" |   |",0Dh,0Ah,\
				"     |",0Dh,0Ah,\
				"     |",0Dh,0Ah,\
				"     |",0Dh,0Ah,\
				"     |",0Dh,0Ah,\
				"======",0

 00000037 20 2B 2D 2D 2D	hang1 BYTE \
	   2B 0D 0A 20 7C
	   20 20 20 7C 0D
	   0A 20 4F 20 20
	   20 7C 0D 0A 20
	   20 20 20 20 7C
	   0D 0A 20 20 20
	   20 20 7C 0D 0A
	   20 20 20 20 20
	   7C 0D 0A 3D 3D
	   3D 3D 3D 3D 00
				" +---+",0Dh,0Ah,\
				" |   |",0Dh,0Ah,\
				" O   |",0Dh,0Ah,\
				"     |",0Dh,0Ah,\
				"     |",0Dh,0Ah,\
				"     |",0Dh,0Ah,\
				"======",0

 0000006E 20 2B 2D 2D 2D	hang2 BYTE \
	   2B 0D 0A 20 7C
	   20 20 20 7C 0D
	   0A 20 4F 20 20
	   20 7C 0D 0A 20
	   7C 20 20 20 7C
	   0D 0A 20 20 20
	   20 20 7C 0D 0A
	   20 20 20 20 20
	   7C 0D 0A 3D 3D
	   3D 3D 3D 3D 00
				" +---+",0Dh,0Ah,\
				" |   |",0Dh,0Ah,\
				" O   |",0Dh,0Ah,\
				" |   |",0Dh,0Ah,\
				"     |",0Dh,0Ah,\
				"     |",0Dh,0Ah,\
				"======",0

 000000A5 20 2B 2D 2D 2D	hang3 BYTE \
	   2B 0D 0A 20 7C
	   20 20 20 7C 0D
	   0A 20 4F 20 20
	   20 7C 0D 0A 2F
	   7C 20 20 20 7C
	   0D 0A 20 20 20
	   20 20 7C 0D 0A
	   20 20 20 20 20
	   7C 0D 0A 3D 3D
	   3D 3D 3D 3D 00
				" +---+",0Dh,0Ah,\
				" |   |",0Dh,0Ah,\
				" O   |",0Dh,0Ah,\
				"/|   |",0Dh,0Ah,\
				"     |",0Dh,0Ah,\
				"     |",0Dh,0Ah,\
				"======",0

 000000DC 20 2B 2D 2D 2D	hang4 BYTE \
	   2B 0D 0A 20 7C
	   20 20 20 7C 0D
	   0A 20 4F 20 20
	   20 7C 0D 0A 2F
	   7C 5C 20 20 7C
	   0D 0A 20 20 20
	   20 20 7C 0D 0A
	   20 20 20 20 20
	   7C 0D 0A 3D 3D
	   3D 3D 3D 3D 00
				" +---+",0Dh,0Ah,\
				" |   |",0Dh,0Ah,\
				" O   |",0Dh,0Ah,\
				"/|\  |",0Dh,0Ah,\
				"     |",0Dh,0Ah,\
				"     |",0Dh,0Ah,\
				"======",0

 00000113 20 2B 2D 2D 2D	hang5 BYTE \
	   2B 0D 0A 20 7C
	   20 20 20 7C 0D
	   0A 20 4F 20 20
	   20 7C 0D 0A 2F
	   7C 5C 20 20 7C
	   0D 0A 2F 20 20
	   20 20 7C 0D 0A
	   20 20 20 20 20
	   7C 0D 0A 3D 3D
	   3D 3D 3D 3D 00
				" +---+",0Dh,0Ah,\
				" |   |",0Dh,0Ah,\
				" O   |",0Dh,0Ah,\
				"/|\  |",0Dh,0Ah,\
				"/    |",0Dh,0Ah,\
				"     |",0Dh,0Ah,\
				"======",0

 0000014A 20 2B 2D 2D 2D	hang6 BYTE \
	   2B 0D 0A 20 7C
	   20 20 20 7C 0D
	   0A 20 4F 20 20
	   20 7C 0D 0A 2F
	   7C 5C 20 20 7C
	   0D 0A 2F 20 5C
	   20 20 7C 0D 0A
	   20 20 20 20 20
	   7C 0D 0A 3D 3D
	   3D 3D 3D 3D 00
				" +---+",0Dh,0Ah,\
				" |   |",0Dh,0Ah,\
				" O   |",0Dh,0Ah,\
				"/|\  |",0Dh,0Ah,\
				"/ \  |",0Dh,0Ah,\
				"     |",0Dh,0Ah,\
				"======",0

 00000181 20 2B 2D 2D 2D	hang7 BYTE \
	   2B 0D 0A 20 7C
	   20 20 20 7C 0D
	   0A 20 58 20 20
	   20 7C 0D 0A 2F
	   7C 5C 20 20 7C
	   0D 0A 2F 20 5C
	   20 20 7C 0D 0A
	   20 20 20 20 20
	   7C 0D 0A 3D 3D
	   3D 3D 3D 3D 00
				" +---+",0Dh,0Ah,\
				" |   |",0Dh,0Ah,\
				" X   |",0Dh,0Ah,\
				"/|\  |",0Dh,0Ah,\
				"/ \  |",0Dh,0Ah,\
				"     |",0Dh,0Ah,\
				"======",0

 000001B8 00000000 R		hangman_pointers DWORD OFFSET hang0, OFFSET hang1, OFFSET hang2, OFFSET hang3
	   00000037 R
	   0000006E R
	   000000A5 R
 000001C8  000000DC R		                 DWORD OFFSET hang4, OFFSET hang5, OFFSET hang6, OFFSET hang7
	   00000113 R
	   0000014A R
	   00000181 R

 000001D8 00000007		max_wrong DWORD 7

				END
Microsoft (R) Macro Assembler Version 14.00.24210.0	    04/02/26 02:42:35
hangman_art.asm						     Symbols 2 - 1




Segments and Groups:

                N a m e                 Size     Length   Align   Combine Class

FLAT . . . . . . . . . . . . . .	GROUP
_DATA  . . . . . . . . . . . . .	32 Bit	 000001DC DWord	  Public  'DATA'	
_TEXT  . . . . . . . . . . . . .	32 Bit	 00000000 DWord	  Public  'CODE'	


Symbols:

                N a m e                 Type     Value    Attr

@CodeSize  . . . . . . . . . . .	Number	 00000000h   
@DataSize  . . . . . . . . . . .	Number	 00000000h   
@Interface . . . . . . . . . . .	Number	 00000003h   
@Model . . . . . . . . . . . . .	Number	 00000007h   
@code  . . . . . . . . . . . . .	Text   	 _TEXT
@data  . . . . . . . . . . . . .	Text   	 FLAT
@fardata?  . . . . . . . . . . .	Text   	 FLAT
@fardata . . . . . . . . . . . .	Text   	 FLAT
@stack . . . . . . . . . . . . .	Text   	 FLAT
hang0  . . . . . . . . . . . . .	Byte	 00000000 _DATA	
hang1  . . . . . . . . . . . . .	Byte	 00000037 _DATA	
hang2  . . . . . . . . . . . . .	Byte	 0000006E _DATA	
hang3  . . . . . . . . . . . . .	Byte	 000000A5 _DATA	
hang4  . . . . . . . . . . . . .	Byte	 000000DC _DATA	
hang5  . . . . . . . . . . . . .	Byte	 00000113 _DATA	
hang6  . . . . . . . . . . . . .	Byte	 0000014A _DATA	
hang7  . . . . . . . . . . . . .	Byte	 00000181 _DATA	
hangman_pointers . . . . . . . .	DWord	 000001B8 _DATA	Public STDCALL
max_wrong  . . . . . . . . . . .	DWord	 000001D8 _DATA	Public STDCALL

	   0 Warnings
	   0 Errors
